// Jest Snapshot v1, https://goo.gl/fbAQLP

exports[`BannerHeader should render without crashing 1`] = `
ShallowWrapper {
  Symbol(enzyme.__root__): [Circular],
  Symbol(enzyme.__unrendered__): <BannerHeader
    code="#0980"
    image="avatar.svg"
    title="Nova cotação"
  />,
  Symbol(enzyme.__renderer__): Object {
    "batchedUpdates": [Function],
    "getNode": [Function],
    "render": [Function],
    "simulateError": [Function],
    "simulateEvent": [Function],
    "unmount": [Function],
  },
  Symbol(enzyme.__node__): Object {
    "instance": null,
    "key": undefined,
    "nodeType": "class",
    "props": Object {
      "children": Array [
        <styled.div>
          <MaterialIcon
            color="#fff"
            icon="trending_up"
            size="40"
          />
        </styled.div>,
        <div>
          <TitleDescription
            className="title-container"
            title="Nova cotação"
          />
          <div
            className="code-container"
          >
            #0980
          </div>
        </div>,
        <FlexBlock />,
        <styled.img
          alt="avatar-profile"
          src="avatar.svg"
        />,
      ],
      "className": "banner-header",
    },
    "ref": null,
    "rendered": Array [
      Object {
        "instance": null,
        "key": undefined,
        "nodeType": "class",
        "props": Object {
          "children": <MaterialIcon
            color="#fff"
            icon="trending_up"
            size="40"
          />,
        },
        "ref": null,
        "rendered": Object {
          "instance": null,
          "key": undefined,
          "nodeType": "class",
          "props": Object {
            "color": "#fff",
            "icon": "trending_up",
            "size": "40",
          },
          "ref": null,
          "rendered": null,
          "type": [Function],
        },
        "type": [Function],
      },
      Object {
        "instance": null,
        "key": undefined,
        "nodeType": "host",
        "props": Object {
          "children": Array [
            <TitleDescription
              className="title-container"
              title="Nova cotação"
            />,
            <div
              className="code-container"
            >
              #0980
            </div>,
          ],
        },
        "ref": null,
        "rendered": Array [
          Object {
            "instance": null,
            "key": undefined,
            "nodeType": "function",
            "props": Object {
              "className": "title-container",
              "title": "Nova cotação",
            },
            "ref": null,
            "rendered": null,
            "type": [Function],
          },
          Object {
            "instance": null,
            "key": undefined,
            "nodeType": "host",
            "props": Object {
              "children": "#0980",
              "className": "code-container",
            },
            "ref": null,
            "rendered": "#0980",
            "type": "div",
          },
        ],
        "type": "div",
      },
      Object {
        "instance": null,
        "key": undefined,
        "nodeType": "function",
        "props": Object {},
        "ref": null,
        "rendered": null,
        "type": [Function],
      },
      Object {
        "instance": null,
        "key": undefined,
        "nodeType": "class",
        "props": Object {
          "alt": "avatar-profile",
          "src": "avatar.svg",
        },
        "ref": null,
        "rendered": null,
        "type": [Function],
      },
    ],
    "type": [Function],
  },
  Symbol(enzyme.__nodes__): Array [
    Object {
      "instance": null,
      "key": undefined,
      "nodeType": "class",
      "props": Object {
        "children": Array [
          <styled.div>
            <MaterialIcon
              color="#fff"
              icon="trending_up"
              size="40"
            />
          </styled.div>,
          <div>
            <TitleDescription
              className="title-container"
              title="Nova cotação"
            />
            <div
              className="code-container"
            >
              #0980
            </div>
          </div>,
          <FlexBlock />,
          <styled.img
            alt="avatar-profile"
            src="avatar.svg"
          />,
        ],
        "className": "banner-header",
      },
      "ref": null,
      "rendered": Array [
        Object {
          "instance": null,
          "key": undefined,
          "nodeType": "class",
          "props": Object {
            "children": <MaterialIcon
              color="#fff"
              icon="trending_up"
              size="40"
            />,
          },
          "ref": null,
          "rendered": Object {
            "instance": null,
            "key": undefined,
            "nodeType": "class",
            "props": Object {
              "color": "#fff",
              "icon": "trending_up",
              "size": "40",
            },
            "ref": null,
            "rendered": null,
            "type": [Function],
          },
          "type": [Function],
        },
        Object {
          "instance": null,
          "key": undefined,
          "nodeType": "host",
          "props": Object {
            "children": Array [
              <TitleDescription
                className="title-container"
                title="Nova cotação"
              />,
              <div
                className="code-container"
              >
                #0980
              </div>,
            ],
          },
          "ref": null,
          "rendered": Array [
            Object {
              "instance": null,
              "key": undefined,
              "nodeType": "function",
              "props": Object {
                "className": "title-container",
                "title": "Nova cotação",
              },
              "ref": null,
              "rendered": null,
              "type": [Function],
            },
            Object {
              "instance": null,
              "key": undefined,
              "nodeType": "host",
              "props": Object {
                "children": "#0980",
                "className": "code-container",
              },
              "ref": null,
              "rendered": "#0980",
              "type": "div",
            },
          ],
          "type": "div",
        },
        Object {
          "instance": null,
          "key": undefined,
          "nodeType": "function",
          "props": Object {},
          "ref": null,
          "rendered": null,
          "type": [Function],
        },
        Object {
          "instance": null,
          "key": undefined,
          "nodeType": "class",
          "props": Object {
            "alt": "avatar-profile",
            "src": "avatar.svg",
          },
          "ref": null,
          "rendered": null,
          "type": [Function],
        },
      ],
      "type": [Function],
    },
  ],
  Symbol(enzyme.__options__): Object {
    "adapter": ReactSixteenAdapter {
      "options": Object {
        "enableComponentDidUpdateOnSetState": true,
        "lifecycles": Object {
          "componentDidUpdate": Object {
            "onSetState": true,
          },
          "getDerivedStateFromProps": true,
          "getSnapshotBeforeUpdate": true,
          "setState": Object {
            "skipsComponentDidUpdateOnNullish": true,
          },
        },
      },
    },
  },
}
`;
